// Bun Snapshot v1, https://bun.sh/docs/test/snapshots

exports[`FileChangedCell snapshots modified change shows the kind and path on one line 1`] = `
"~ modified  src/app.ts
"
`;

exports[`FileChangedCell snapshots created change reads as created 1`] = `
"+ created  src/app.ts
"
`;

exports[`FileChangedCell snapshots deleted change reads as deleted 1`] = `
"- deleted  src/app.ts
"
`;

exports[`FileChangedCell snapshots missing kind still renders the path without a label 1`] = `
"·  src/app.ts
"
`;

exports[`FileChangedCell snapshots empty path renders an (unknown) placeholder rather than a blank chip 1`] = `
"~ modified  (unknown)
"
`;
